// Vitest Snapshot v1, https://vitest.dev/guide/snapshot.html

exports[`the archive explains the roster > is the same archive every run 1`] = `"536 938 1543"`;

exports[`the board is deterministic > draws the same contracts every run 1`] = `
"Q-1041 open 16 -
Q-1042 failed 33 emrys+roe+ilse
Q-1043 settled 5 quill
Q-1044 settled 13 nerea+rui
Q-1045 settled 15 beatrix+hesper
Q-1046 settled 6 otto
Q-1047 open 30 -
Q-1048 open 6 -
Q-1049 open 41 -
Q-1050 open 41 -
Q-1051 open 78 -
Q-1052 failed 38 vrana+sabin+doro
Q-1053 settled 75 kesi+lyle+corvin+vault
Q-1054 settled 18 corvin+hesper
Q-1055 failed 7 agata
Q-1056 afield 194 grieve+vrana+yusra+faisal+lyle
Q-1057 open 42 -
Q-1058 afield 190 roe+solveig
Q-1059 settled 103 ilse+bell+agata+emrys
Q-1060 failed 44 kestrel+rui+emrys
Q-1061 open 21 -
Q-1062 settled 110 quill+vault+kestrel+roe
Q-1063 settled 96 ravenna+corvin+ilse+rui
Q-1064 open 21 -
Q-1065 failed 45 vault+grieve+ilse
Q-1066 settled 45 yusra+perpetua+marrow
Q-1067 open 20 -
Q-1068 open 84 -
Q-1069 settled 18 rui+fenn
Q-1070 claimed 32 ravenna+bell+miren
Q-1071 open 15 -
Q-1072 failed 16 wren+silas
Q-1073 open 36 -
Q-1074 claimed 15 marrow+corvin
Q-1075 open 6 -
Q-1076 settled 14 ozren+corvin
Q-1077 settled 16 marrow+ilse
Q-1078 afield 86 fenn+ansel+beatrix
Q-1079 settled 15 ilse+hesper
Q-1080 settled 36 vrana+quill+stiles
Q-1081 open 7 -
Q-1082 settled 36 bell+ravenna+nerea
Q-1083 settled 7 solveig
Q-1084 open 172 -"
`;

exports[`the sightings relation > is the same table every run 1`] = `"538 wyrm:44 basilisk:13 grimalkin:116 boghound:43 harpy:33 revenant:159 mimic:96 stoneback:34 confirmed:344 disputed:151 hoax:43"`;
